use {"width":1335,"height":865}
classes {"width":1195,"height":1010}
bom_seq {"width":1550,"height":1668}
pub_seq {"width":1780,"height":1944}
comm {"width":1545,"height":990}
use {"width":1335,"height":865}
classes {"width":1370,"height":855}
bom_seq {"width":1550,"height":1668}
pub_seq {"width":1780,"height":1944}
comm {"width":1565,"height":1040}
bom_seq {"width":1550,"height":860}
bom_seq {"width":1550,"height":1003}
pub_seq {"width":1780,"height":925}
pub_seq {"width":1780,"height":1214}
use {"width":1335,"height":865}
classes {"width":1370,"height":900}
bom_seq {"width":1260,"height":1668}
pub_seq {"width":1440,"height":1944}
comm {"width":1545,"height":1040}
bom_seq {"width":1260,"height":809}
bom_seq {"width":1260,"height":1054}
pub_seq {"width":1440,"height":951}
pub_seq {"width":1440,"height":1188}
use {"width":1335,"height":865}
classes {"width":1370,"height":900}
bom_seq {"width":1260,"height":1668}
pub_seq {"width":1440,"height":1944}
comm {"width":1575,"height":910}
bom_seq {"width":1260,"height":809}
bom_seq {"width":1260,"height":1054}
pub_seq {"width":1440,"height":951}
pub_seq {"width":1440,"height":1188}
use {"width":1335,"height":865}
classes {"width":1370,"height":900}
bom_seq {"width":1350,"height":1668}
pub_seq {"width":1530,"height":1944}
comm {"width":1575,"height":910}
bom_seq {"width":1350,"height":809}
bom_seq {"width":1350,"height":1079}
pub_seq {"width":1530,"height":951}
pub_seq {"width":1530,"height":1213}
use {"width":1335,"height":865}
classes {"width":1370,"height":900}
bom_seq {"width":1350,"height":1668}
pub_seq {"width":1530,"height":1944}
comm {"width":1575,"height":910}
bom_seq {"width":1350,"height":809}
bom_seq {"width":1350,"height":1079}
pub_seq {"width":1530,"height":951}
pub_seq {"width":1530,"height":1213}
