use {"width":1295,"height":825}
classes {"width":1330,"height":890}
bom_seq {"width":1310,"height":1870}
pub_seq {"width":1490,"height":2154}
comm {"width":1432,"height":877}
bom_seq {"width":1310,"height":931}
bom_seq {"width":1310,"height":1112}
pub_seq {"width":1490,"height":1096}
pub_seq {"width":1490,"height":1231}
use {"width":1295,"height":825}
classes {"width":1290,"height":905}
bom_seq {"width":1310,"height":1870}
pub_seq {"width":1490,"height":2154}
comm {"width":1507,"height":894}
bom_seq {"width":1310,"height":931}
bom_seq {"width":1310,"height":1112}
pub_seq {"width":1490,"height":1096}
pub_seq {"width":1490,"height":1231}
use {"width":1295,"height":825}
classes {"width":1290,"height":905}
bom_seq {"width":1310,"height":1870}
pub_seq {"width":1490,"height":2154}
comm {"width":1647,"height":880}
bom_seq {"width":1310,"height":931}
bom_seq {"width":1310,"height":1112}
pub_seq {"width":1490,"height":1096}
pub_seq {"width":1490,"height":1231}
Error: Failed to generate PDF: Printing faileduse {"width":1295,"height":825}
classes {"width":1290,"height":905}
bom_seq {"width":1310,"height":1870}
pub_seq {"width":1490,"height":2154}
comm {"width":1647,"height":880}
bom_seq {"width":1310,"height":931}
bom_seq {"width":1310,"height":1112}
pub_seq {"width":1490,"height":1096}
pub_seq {"width":1490,"height":1231}
use {"width":1295,"height":826}
classes {"width":1290,"height":911}
bom_seq {"width":1310,"height":1870}
pub_seq {"width":1490,"height":2154}
comm {"width":1650,"height":880}
bom_seq {"width":1310,"height":931}
bom_seq {"width":1310,"height":1132}
pub_seq {"width":1490,"height":1096}
pub_seq {"width":1490,"height":1251}
use {"width":1295,"height":826}
classes {"width":1290,"height":911}
bom_seq {"width":1310,"height":1870}
pub_seq {"width":1490,"height":2154}
comm {"width":1650,"height":880}
bom_seq {"width":1310,"height":931}
bom_seq {"width":1310,"height":1132}
pub_seq {"width":1490,"height":1096}
pub_seq {"width":1490,"height":1251}
use {"width":1295,"height":826}
classes {"width":1290,"height":911}
bom_seq {"width":1310,"height":1870}
pub_seq {"width":1490,"height":2154}
comm {"width":1650,"height":880}
bom_seq {"width":1310,"height":931}
bom_seq {"width":1310,"height":1132}
pub_seq {"width":1490,"height":1096}
pub_seq {"width":1490,"height":1251}
use {"width":1295,"height":826}
classes {"width":1290,"height":911}
bom_seq {"width":1310,"height":1870}
pub_seq {"width":1490,"height":2154}
comm {"width":1678,"height":880}
bom_seq {"width":1310,"height":931}
bom_seq {"width":1310,"height":1132}
pub_seq {"width":1490,"height":1096}
pub_seq {"width":1490,"height":1251}
